
> meet4u@1.0.0 build
> vite build

vite v7.3.1 building client environment for production...
transforming...
✓ 1746 modules transformed.
✗ Build failed in 709ms
error during build:
[vite-plugin-pwa:build] There was an error during the build:
  src/Pages/CreateMeeting.jsx (2:7): "default" is not exported by "src/Components/meeting/MeetingForm", imported by "src/Pages/CreateMeeting.jsx".
Additionally, handling the error in the 'buildEnd' hook caused the following error:
  src/Pages/CreateMeeting.jsx (2:7): "default" is not exported by "src/Components/meeting/MeetingForm", imported by "src/Pages/CreateMeeting.jsx".
file: /Users/heoujin/meet4u/src/Pages/CreateMeeting.jsx:2:7

1: import React from 'react';
2: import MeetingForm from '../Components/meeting/MeetingForm';
          ^
3: 
4: const CreateMeeting = () => {

    at getRollupError (file:///Users/heoujin/meet4u/node_modules/rollup/dist/es/shared/parseAst.js:402:41)
    at file:///Users/heoujin/meet4u/node_modules/rollup/dist/es/shared/node-entry.js:23444:39
    at async catchUnfinishedHookActions (file:///Users/heoujin/meet4u/node_modules/rollup/dist/es/shared/node-entry.js:22902:16)
    at async rollupInternal (file:///Users/heoujin/meet4u/node_modules/rollup/dist/es/shared/node-entry.js:23427:5)
    at async buildEnvironment (file:///Users/heoujin/meet4u/node_modules/vite/dist/node/chunks/config.js:33541:12)
    at async Object.build (file:///Users/heoujin/meet4u/node_modules/vite/dist/node/chunks/config.js:33900:19)
    at async Object.buildApp (file:///Users/heoujin/meet4u/node_modules/vite/dist/node/chunks/config.js:33897:153)
    at async CAC.<anonymous> (file:///Users/heoujin/meet4u/node_modules/vite/dist/node/cli.js:629:3)
